// Jest Snapshot v1, https://goo.gl/fbAQLP

exports[`<SignUp/> should render without crushing  1`] = `ShallowWrapper {}`;
