// Jest Snapshot v1, https://goo.gl/fbAQLP

exports[`<Home/> should render without crushing 1`] = `ShallowWrapper {}`;
