// Jest Snapshot v1, https://goo.gl/fbAQLP

exports[`<Login/> should render without crushing 1`] = `ShallowWrapper {}`;
