// Jest Snapshot v1, https://goo.gl/fbAQLP

exports[`<NavBarView/> should render on state change 1`] = `ShallowWrapper {}`;

exports[`<NavBarView/> should render without crushing 1`] = `ShallowWrapper {}`;
