// Jest Snapshot v1, https://goo.gl/fbAQLP

exports[`<UserDashboard/> should render without crushing 1`] = `ShallowWrapper {}`;
